rm *.tmp 
as/as crt0.s crt0.o -coff
EXTERN ._main : 40000000
READ(IMM) ._main : 40000000
./cc -I golibc sample.c sample.o -coff
DEFINE ._main : 00000000
DEFINE .L3 : 0000002a
DEFINE .L4 : 00000030
DEFINE .T0 : 00000058
DEFINE .L5 : 000000c7
DEFINE .L6 : 000000cd
DEFINE .L1 : 000000d4
GLOBAL ._main : 00000000
EXTERN ._xsprintf : 40000001
EXTERN ._putfonts8_asc : 40000002
EXTERN ._reflesh : 40000003
READ(IMM) .T0 : 00000058
READ(IMM) .L4 : 00000030
READ(IMM) ._xsprintf : 40000001
READ(IMM) ._putfonts8_asc : 40000002
READ(IMM) ._reflesh : 40000003
READ(IMM) .L5 : 000000c7
./cpp/cpp -I golibc sample.c -o 9fbdde81.tmp
./cc1/cc1 9fbdde81.tmp 9fbdde82.tmp
./as/as 9fbdde82.tmp sample.o -coff
./cc -I golibc sample2.c sample2.o -coff
DEFINE ._fontx_8x8 : 00000000
DEFINE ._putfont8 : 00000800
DEFINE .L3 : 00000839
DEFINE .L7 : 00000901
DEFINE .L11 : 0000098f
DEFINE .L12 : 000009c1
DEFINE .L8 : 000009c1
DEFINE .L10 : 000009e5
DEFINE .L4 : 000009e5
DEFINE .L6 : 00000a09
DEFINE .L1 : 00000a09
DEFINE ._putfonts8_asc : 00000a2d
DEFINE .L16 : 00000a73
DEFINE .L20 : 00000b48
DEFINE .L21 : 00000ba5
DEFINE .L17 : 00000bc8
DEFINE .L19 : 00000bec
DEFINE .L13 : 00000bec
DEFINE ._reflesh : 00000c0d
DEFINE .L24 : 00000c32
GLOBAL ._putfont8 : 00000800
GLOBAL ._putfonts8_asc : 00000a2d
GLOBAL ._reflesh : 00000c0d
READ(IMM) .L6 : 00000a09
READ(IMM) .L10 : 000009e5
READ(IMM) .L11 : 0000098f
READ(IMM) .L12 : 000009c1
READ(IMM) .L7 : 00000901
READ(IMM) .L3 : 00000839
READ(IMM) .L19 : 00000bec
READ(IMM) .L20 : 00000b48
READ(IMM) ._fontx_8x8 : 00000000
READ(IMM) ._putfont8 : 00000800
READ(IMM) .L21 : 00000ba5
READ(IMM) .L16 : 00000a73
./cpp/cpp -I golibc sample2.c -o ffe97e40.tmp
./cc1/cc1 ffe97e40.tmp ffe97e41.tmp
./as/as ffe97e41.tmp sample2.o -coff
./cc -I golibc xprintf.c xprintf.o -coff
DEFINE ._xfunc_out : 00000000
DEFINE ._outptr : 00000004
DEFINE ._xputc : 00000008
DEFINE .L5 : 0000007a
DEFINE .L3 : 0000009b
DEFINE .L6 : 00000111
DEFINE .L9 : 0000015b
DEFINE .L1 : 0000015b
DEFINE ._xputs : 00000182
DEFINE .L14 : 000001a0
DEFINE .L15 : 0000021a
DEFINE .L12 : 0000021a
DEFINE ._xfputs : 00000232
DEFINE .L18 : 0000026e
DEFINE .L19 : 000002e8
DEFINE .L16 : 000002f7
DEFINE ._xvprintf : 0000030f
DEFINE .L22 : 0000033c
DEFINE .L26 : 000003ca
DEFINE .L28 : 00000430
DEFINE .L30 : 00000532
DEFINE .L32 : 000005c9
DEFINE .L31 : 000005c9
DEFINE .L34 : 000005d8
DEFINE .L38 : 0000064a
DEFINE .L35 : 0000069c
DEFINE .L37 : 000006f8
DEFINE .L41 : 0000076a
DEFINE .L39 : 000007ed
DEFINE .L42 : 00000825
DEFINE .L44 : 000008e2
DEFINE .L48 : 00000906
DEFINE .L56 : 00000961
DEFINE .L57 : 000009a1
DEFINE .L59 : 000009c5
DEFINE .L60 : 000009c5
DEFINE .L62 : 00000a2d
DEFINE .L61 : 00000a54
DEFINE .L63 : 00000a6c
DEFINE .L64 : 00000ac0
DEFINE .L65 : 00000ac6
DEFINE .L74 : 00000b3c
DEFINE .L75 : 00000b51
DEFINE .L76 : 00000b66
DEFINE .L77 : 00000b66
DEFINE .L78 : 00000b7b
DEFINE .L79 : 00000b90
DEFINE .L47 : 00000bca
DEFINE .L46 : 00000c2b
DEFINE .L105 : 00000ccc
DEFINE .L106 : 00000d10
DEFINE .L103 : 00000d16
DEFINE .L104 : 00000d5a
DEFINE .L109 : 00000dc2
DEFINE .L107 : 00000e12
DEFINE .L110 : 00000e21
DEFINE .L116 : 00000f16
DEFINE .L117 : 00000f1d
DEFINE .L114 : 00000f65
DEFINE .L111 : 00000fdd
DEFINE .L118 : 00001020
DEFINE .L112 : 0000102a
DEFINE .L119 : 0000109d
DEFINE .L121 : 000010d3
DEFINE .L122 : 000010da
DEFINE .L123 : 000010f8
DEFINE .L125 : 00001160
DEFINE .L124 : 0000119e
DEFINE .L126 : 0000119e
DEFINE .L127 : 000011fc
DEFINE .L128 : 0000120e
DEFINE .L129 : 0000120e
DEFINE .L130 : 00001262
DEFINE .L25 : 00001268
DEFINE .L20 : 00001268
DEFINE ._xprintf : 0000128f
DEFINE .L131 : 00001300
DEFINE ._xsprintf : 00001315
DEFINE .L138 : 000013d8
DEFINE ._xfprintf : 000013f6
DEFINE .L145 : 00001494
DEFINE ._put_dump : 000014a9
DEFINE .L154 : 000014d6
DEFINE .L155 : 000014dc
DEFINE .T0 : 000014e3
DEFINE .L159 : 00001513
DEFINE .L160 : 00001532
DEFINE .L164 : 00001553
DEFINE .L165 : 00001559
DEFINE .T1 : 0000155f
DEFINE .L161 : 0000159f
DEFINE .L163 : 000015c3
DEFINE .L166 : 000015e9
DEFINE .L172 : 0000168c
DEFINE .L170 : 000016a3
DEFINE .L171 : 000016c9
DEFINE .L167 : 000016d9
DEFINE .L169 : 000016fd
DEFINE .L174 : 00001703
DEFINE .L175 : 00001713
DEFINE .L178 : 00001713
DEFINE .L179 : 00001719
DEFINE .T2 : 0000171f
DEFINE .L176 : 00001769
DEFINE .L177 : 0000178a
DEFINE .L181 : 00001790
DEFINE .L182 : 000017a0
DEFINE .L185 : 000017a0
DEFINE .L186 : 000017a6
DEFINE .T3 : 000017ad
DEFINE .L183 : 000017f7
DEFINE .L184 : 00001818
DEFINE .L157 : 00001824
DEFINE .L156 : 0000184b
DEFINE .L152 : 00001862
DEFINE ._xfunc_in : 0000188a
DEFINE ._xgets : 0000188e
DEFINE .L189 : 000018e3
DEFINE .L191 : 000018f2
DEFINE .L195 : 0000192d
DEFINE .L197 : 0000194f
DEFINE .L201 : 00001992
DEFINE .L202 : 000019d2
DEFINE .L199 : 000019d8
DEFINE .L206 : 00001a2a
DEFINE .L207 : 00001aa4
DEFINE .L204 : 00001aa4
DEFINE .L194 : 00001aaa
DEFINE .L209 : 00001b02
DEFINE .L187 : 00001b09
DEFINE ._xfgets : 00001b30
DEFINE .L211 : 00001bab
DEFINE ._xatoi : 00001bc0
DEFINE .L215 : 00001c13
DEFINE .L216 : 00001c84
DEFINE .L217 : 00001cfa
DEFINE .L223 : 00001d68
DEFINE .L224 : 00001dc8
DEFINE .L225 : 00001e28
DEFINE .L226 : 00001e51
DEFINE .L230 : 00001e97
DEFINE .L228 : 00001eae
DEFINE .L222 : 00001eca
DEFINE .L221 : 00001eea
DEFINE .L219 : 00001ef0
DEFINE .L233 : 00001f36
DEFINE .L231 : 00001f4d
DEFINE .L220 : 00001f63
DEFINE .L234 : 00001f72
DEFINE .L236 : 00001fd4
DEFINE .L240 : 0000206d
DEFINE .L238 : 0000206d
DEFINE .L242 : 0000209b
DEFINE .L235 : 0000211d
DEFINE .L244 : 00002152
DEFINE .L213 : 00002171
GLOBAL ._xfunc_out : 00000000
GLOBAL ._xputc : 00000008
GLOBAL ._xputs : 00000182
GLOBAL ._xfputs : 00000232
GLOBAL ._xprintf : 0000128f
GLOBAL ._xsprintf : 00001315
GLOBAL ._xfprintf : 000013f6
GLOBAL ._put_dump : 000014a9
GLOBAL ._xfunc_in : 0000188a
GLOBAL ._xgets : 0000188e
GLOBAL ._xfgets : 00001b30
GLOBAL ._xatoi : 00001bc0
READ(IMM) .L3 : 0000009b
READ(IMM) .L3 : 0000009b
READ(IMM) ._xputc : 00000008
READ(MEM) ._outptr : 00000004
READ(IMM) .L6 : 00000111
READ(MEM) ._outptr : 00000004
READ(MEM) ._outptr : 00000004
READ(IMM) .L1 : 0000015b
READ(MEM) ._xfunc_out : 00000000
READ(IMM) .L9 : 0000015b
READ(MEM) ._xfunc_out : 00000000
READ(IMM) .L15 : 0000021a
READ(IMM) ._xputc : 00000008
READ(IMM) .L14 : 000001a0
READ(MEM) ._xfunc_out : 00000000
READ(MEM) ._xfunc_out : 00000000
READ(IMM) .L19 : 000002e8
READ(IMM) ._xputc : 00000008
READ(IMM) .L18 : 0000026e
READ(MEM) ._xfunc_out : 00000000
READ(IMM) .L26 : 000003ca
READ(IMM) .L25 : 00001268
READ(IMM) .L28 : 00000430
READ(IMM) ._xputc : 00000008
READ(IMM) .L22 : 0000033c
READ(IMM) .L30 : 00000532
READ(IMM) .L31 : 000005c9
READ(IMM) .L32 : 000005c9
unknown label identifier at line 771
./cpp/cpp -I golibc xprintf.c -o 6ffe821b.tmp
./cc1/cc1 6ffe821b.tmp 6ffe821c.tmp
./as/as 6ffe821c.tmp xprintf.o -coff
ld/ld gios.bin 0x00310000 crt0.o sample.o sample2.o xprintf.o
name : ._main
attr[0] : 40000000

rep[0] 40000000(00000002)

name : ._main
attr[0] : 00000000

name : ._xsprintf
attr[0] : 40000001

name : ._putfonts8_asc
attr[0] : 40000002

name : ._reflesh
attr[0] : 40000003

rep[0] 00000058(0000002c)
rep[1] 00000030(00000066)
rep[2] 40000001(0000007d)
rep[3] 40000002(000000b6)
rep[4] 40000003(000000c3)
rep[5] 000000c7(000000c9)

name : ._putfont8
attr[0] : 00000800

name : ._putfonts8_asc
attr[0] : 00000a2d

name : ._reflesh
attr[0] : 00000c0d

rep[0] 00000a09(00000851)
rep[1] 000009e5(00000919)
rep[2] 0000098f(00000952)
rep[3] 000009c1(0000098b)
rep[4] 00000901(000009e1)
rep[5] 00000839(00000a05)
rep[6] 00000bec(00000a8f)
rep[7] 00000b48(00000aaf)
rep[8] 00000000(00000ab6)
rep[9] 00000800(00000b19)
rep[10] 00000ba5(00000b44)
rep[11] 00000a73(00000be8)


 repdata : 40000000
 attr : 00000000
 name : ._main

 repdata : 40000001
 attr : 00000001
 name : ._xsprintf
 repdata : 40000002
 attr : 00000002
 name : ._putfonts8_asc
 repdata : 40000003
 attr : 00000003
 name : ._reflesh

 repdata : 00000800
 attr : 00000000
 name : ._putfont8


img : 1
name : ._main
attr[0] : 00000000

img : 3
name : 
attr[0] : 00000000

img : 2
name : ._putfonts8_asc
attr[0] : 00000a2d

img : 2
name : ._reflesh
attr[0] : 00000c0d

img : 2
name : ._putfont8
attr[0] : 00000800

name : ._main
final address : 00310006


img 0 "crt0.o"
final address : 00310000
size : 00000006

rep local : 0031005e
rep local : 00310036
name : 
final address : 00310d36

name : ._putfonts8_asc
final address : 00310b1c

name : ._reflesh
final address : 00310cfc

rep local : 003100cd

img 1 "sample.o"
final address : 00310006
size : 000000e9

rep local : 00310af8
rep local : 00310ad4
rep local : 00310a7e
rep local : 00310ab0
rep local : 003109f0
rep local : 00310928
rep local : 00310cdb
rep local : 00310c37
rep local : 003100ef
name : ._putfont8
final address : 003108ef

rep local : 00310c94
rep local : 00310b62

img 2 "sample2.o"
final address : 003100ef
size : 00000c47


img 3 "xprintf.o"
final address : 00310d36
size : 00000000

